  _   _   ____                        _                        __               
 | \ | | | __ )    ___    _ __ ___   | |__     ___   _ __     / /_              
 |  \| | |  _ \   / _ \  | '_ ` _ \  | '_ \   / _ \ | '__|   | '_ \             
 | |\  | | |_) | | (_) | | | | | | | | |_) | |  __/ | |      | (_) |            
 |_| \_| |____/   \___/  |_| |_| |_| |_.__/   \___| |_|       \___/             
                                                                                
Welcome to the NBomber community!
Documentation: https://nbomber.com/docs/getting-started/overview
Blog: https://nbomber.com/blog
Roadmap: https://nbomber.com/docs/getting-started/roadmap
GitHub Discussion: https://github.com/PragmaticFlow/NBomber/discussions
GitHub Issues: https://github.com/PragmaticFlow/NBomber/issues
Docker Hub: https://hub.docker.com/u/nbomberdocker
LinkedIn: https://www.linkedin.com/company/nbomber
Slack: https://nbomberworkspace.slack.com

11:48:37 [INF] NBomber "6.4.1" started a new session: "2026-06-08_09-48-37_234a1964"
11:48:38 [INF] NBomber started as single node
11:48:38 [INF] License validation....
11:48:38 [WRN] THIS VERSION IS FREE ONLY FOR PERSONAL USE. You can't use it for an 
organization.
11:48:38 [INF] Reports folder: "C:\Projects\Prive\ZeroAlloc\ZeroAlloc.Templates\content\za-vertical-slice\bench
marks\MyApp.LoadTest\bin\Release\net10.0\reports\2026-06-08_09-48-37_234a1964"
11:48:38 [INF] Plugins: no plugins were loaded
11:48:38 [INF] Reporting sinks: no reporting sinks were loaded
11:48:38 [INF] Starting init...
11:48:38 [INF] Target scenarios: "read_order_by_id"
11:48:38 [INF] Start init scenario: "read_order_by_id"
11:48:49 [INF] Init finished
11:48:49 [INF] Starting bombing...
11:49:41 [INF] Stopping scenarios...
11:49:41 [INF] Calculating final statistics...

────────────────────────────────── test info ───────────────────────────────────

test suite: nbomber_default_test_suite_name
test name: nbomber_default_test_name
session id: 2026-06-08_09-48-37_234a1964

──────────────────────────────── scenario stats ────────────────────────────────

scenario: read_order_by_id
  - ok count: 47919
  - fail count: 124581
  - all data: 0 MB
  - duration: 00:00:41

load simulations: 
  - ramping_inject, rate: 5000, interval: 00:00:01, during: 00:00:10
  - inject, rate: 5000, interval: 00:00:01, during: 00:00:30

┌─────────────────────────┬────────────────────────────────────────────────────┐
│                    step │ ok stats                                           │
├─────────────────────────┼────────────────────────────────────────────────────┤
│                    name │ global information                                 │
│           request count │ all = 172500, ok = 47919, RPS = 1197.98            │
│            latency (ms) │ min = 5.5, mean = 12371.24, max = 29460.11, StdDev │
│                         │ = 9468.71                                          │
│ latency percentile (ms) │ p50 = 7802.88, p75 = 19709.95, p95 = 27115.52, p99 │
│                         │ = 27410.43                                         │
└─────────────────────────┴────────────────────────────────────────────────────┘
┌─────────────────────────┬────────────────────────────────────────────────────┐
│                    step │ failures stats                                     │
├─────────────────────────┼────────────────────────────────────────────────────┤
│                    name │ global information                                 │
│           request count │ all = 172500, fail = 124581, RPS = 3114.52         │
│            latency (ms) │ min = 233.17, mean = 17816.35, max = 30115.35,     │
│                         │ StdDev = 8908.88                                   │
│ latency percentile (ms) │ p50 = 18071.55, p75 = 25853.95, p95 = 29196.29,    │
│                         │ p99 = 29966.34                                     │
└─────────────────────────┴────────────────────────────────────────────────────┘

status codes for scenario: read_order_by_id
┌─────────────┬────────┬───────────────────┐
│ status code │ count  │ message           │
├─────────────┼────────┼───────────────────┤
│        -100 │ 124151 │ operation timeout │
└─────────────┴────────┴───────────────────┘


11:49:42 [INF] Reports saved in folder: "C:\Projects\Prive\ZeroAlloc\ZeroAlloc.Templates\reports\2026-06-08_09-48-37_234
a1964"
11:49:42 [WRN] THIS VERSION IS FREE ONLY FOR PERSONAL USE. You can't use it for an 
organization.
